<results xmlns:xsi="http://www.w3.org/2001/XMLSchema-instance" xmlns:xsd="http://www.w3.org/2001/XMLSchema"><game><round>RS</round><gameday>16</gameday><date>Dec 17, 2024</date><time>19:00</time><gamenumber>136</gamenumber><gamecode>E2024_136</gamecode><group>Regular Season</group><hometeam>AS MONACO</hometeam><homecode>MCO</homecode><homescore>93</homescore><awayteam>FC BAYERN MUNICH</awayteam><awaycode>MUN</awaycode><awayscore>74</awayscore><played>true</played></game><game><round>RS</round><gameday>22</gameday><date>Jan 16, 2025</date><time>20:30</time><gamenumber>192</gamenumber><gamecode>E2024_192</gamecode><group>Regular Season</group><hometeam>PARIS BASKETBALL</hometeam><homecode>PRS</homecode><homescore>96</homescore><awayteam>MACCABI PLAYTIKA TEL AVIV</awayteam><awaycode>TEL</awaycode><awayscore>83</awayscore><played>true</played></game><game><round>RS</round><gameday>1</gameday><date>Oct 03, 2024</date><time>18:45</time><gamenumber>1</gamenumber><gamecode>E2024_1</gamecode><group>Regular Season</group><hometeam>ALBA BERLIN</hometeam><homecode>BER</homecode><homescore>77</homescore><awayteam>PANATHINAIKOS AKTOR ATHENS</awayteam><awaycode>PAN</awaycode><awayscore>87</awayscore><played>true</played></game><game><round>RS</round><gameday>8</gameday><date>Nov 08, 2024</date><time>20:30</time><gamenumber>71</gamenumber><gamecode>E2024_71</gamecode><group>Regular Season</group><hometeam>FC BARCELONA</hometeam><homecode>BAR</homecode><homescore>91</homescore><awayteam>BASKONIA VITORIA-GASTEIZ</awayteam><awaycode>BAS</awaycode><awayscore>68</awayscore><played>true</played></game><game><round>RS</round><gameday>7</gameday><date>Nov 01, 2024</date><time>20:00</time><gamenumber>61</gamenumber><gamecode>E2024_61</gamecode><group>Regular Season</group><hometeam>CRVENA ZVEZDA MERIDIANBET BELGRADE</hometeam><homecode>RED</homecode><homescore>77</homescore><awayteam>PANATHINAIKOS AKTOR ATHENS</awayteam><awaycode>PAN</awaycode><awayscore>81</awayscore><played>true</played></game><game><round>RS</round><gameday>16</gameday><date>Dec 17, 2024</date><time>20:45</time><gamenumber>144</gamenumber><gamecode>E2024_144</gamecode><group>Regular Season</group><hometeam>PARTIZAN MOZZART BET BELGRADE</hometeam><homecode>PAR</homecode><homescore>79</homescore><awayteam>LDLC ASVEL VILLEURBANNE</awayteam><awaycode>ASV</awaycode><awayscore>82</awayscore><played>true</played></game><game><round>RS</round><gameday>2</gameday><date>Oct 11, 2024</date><time>20:30</time><gamenumber>17</gamenumber><gamecode>E2024_17</gamecode><group>Regular Season</group><hometeam>FC BARCELONA</hometeam><homecode>BAR</homecode><homescore>88</homescore><awayteam>ALBA BERLIN</awayteam><awaycode>BER</awaycode><awayscore>73</awayscore><played>true</played></game><game><round>RS</round><gameday>11</gameday><date>Nov 20, 2024</date><time>20:30</time><gamenumber>91</gamenumber><gamecode>E2024_91</gamecode><group>Regular Season</group><hometeam>VIRTUS SEGAFREDO BOLOGNA</hometeam><homecode>VIR</homecode><homescore>82</homescore><awayteam>FENERBAHCE BEKO ISTANBUL</awayteam><awaycode>ULK</awaycode><awayscore>86</awayscore><played>true</played></game><game><round>RS</round><gameday>17</gameday><date>Dec 20, 2024</date><time>18:30</time><gamenumber>148</gamenumber><gamecode>E2024_148</gamecode><group>Regular Season</group><hometeam>ANADOLU EFES ISTANBUL</hometeam><homecode>IST</homecode><homescore>86</homescore><awayteam>PARTIZAN MOZZART BET BELGRADE</awayteam><awaycode>PAR</awaycode><awayscore>77</awayscore><played>true</played></game><game><round>RS</round><gameday>9</gameday><date>Nov 12, 2024</date><time>20:45</time><gamenumber>79</gamenumber><gamecode>E2024_79</gamecode><group>Regular Season</group><hometeam>REAL MADRID</hometeam><homecode>MAD</homecode><homescore>98</homescore><awayteam>VIRTUS SEGAFREDO BOLOGNA</awayteam><awaycode>VIR</awaycode><awayscore>86</awayscore><played>true</played></game><game><round>RS</round><gameday>18</gameday><date>Dec 27, 2024</date><time>20:30</time><gamenumber>161</gamenumber><gamecode>E2024_161</gamecode><group>Regular Season</group><hometeam>FC BAYERN MUNICH</hometeam><homecode>MUN</homecode><homescore>69</homescore><awayteam>PANATHINAIKOS AKTOR ATHENS</awayteam><awaycode>PAN</awaycode><awayscore>80</awayscore><played>true</played></game><game><round>RS</round><gameday>4</gameday><date>Oct 17, 2024</date><time>20:45</time><gamenumber>30</gamenumber><gamecode>E2024_30</gamecode><group>Regular Season</group><hometeam>FC BAYERN MUNICH</hometeam><homecode>MUN</homecode><homescore>109</homescore><awayteam>PARIS BASKETBALL</awayteam><awaycode>PRS</awaycode><awayscore>107</awayscore><played>true</played></game><game><round>RS</round><gameday>3</gameday><date>Oct 15, 2024</date><time>20:05</time><gamenumber>27</gamenumber><gamecode>E2024_27</gamecode><group>Regular Season</group><hometeam>MACCABI PLAYTIKA TEL AVIV</hometeam><homecode>TEL</homecode><homescore>93</homescore><awayteam>ANADOLU EFES ISTANBUL</awayteam><awaycode>IST</awaycode><awayscore>91</awayscore><played>true</played></game><game><round>RS</round><gameday>19</gameday><date>Jan 03, 2025</date><time>21:00</time><gamenumber>171</gamenumber><gamecode>E2024_171</gamecode><group>Regular Season</group><hometeam>REAL MADRID</hometeam><homecode>MAD</homecode><homescore>88</homescore><awayteam>FC BAYERN MUNICH</awayteam><awaycode>MUN</awaycode><awayscore>76</awayscore><played>true</played></game><game><round>RS</round><gameday>21</gameday><date>Jan 14, 2025</date><time>20:00</time><gamenumber>181</gamenumber><gamecode>E2024_181</gamecode><group>Regular Season</group><hometeam>LDLC ASVEL VILLEURBANNE</hometeam><homecode>ASV</homecode><homescore>62</homescore><awayteam>PARTIZAN MOZZART BET BELGRADE</awayteam><awaycode>PAR</awaycode><awayscore>93</awayscore><played>true</played></game><game><round>RS</round><gameday>1</gameday><date>Oct 03, 2024</date><time>19:00</time><gamenumber>3</gamenumber><gamecode>E2024_3</gamecode><group>Regular Season</group><hometeam>ZALGIRIS KAUNAS</hometeam><homecode>ZAL</homecode><homescore>74</homescore><awayteam>FC BARCELONA</awayteam><awaycode>BAR</awaycode><awayscore>67</awayscore><played>true</played></game><game><round>RS</round><gameday>14</gameday><date>Dec 05, 2024</date><time>20:30</time><gamenumber>120</gamenumber><gamecode>E2024_120</gamecode><group>Regular Season</group><hometeam>PARTIZAN MOZZART BET BELGRADE</hometeam><homecode>PAR</homecode><homescore>91</homescore><awayteam>PANATHINAIKOS AKTOR ATHENS</awayteam><awaycode>PAN</awaycode><awayscore>73</awayscore><played>true</played></game><game><round>RS</round><gameday>10</gameday><date>Nov 15, 2024</date><time>19:00</time><gamenumber>87</gamenumber><gamecode>E2024_87</gamecode><group>Regular Season</group><hometeam>ZALGIRIS KAUNAS</hometeam><homecode>ZAL</homecode><homescore>65</homescore><awayteam>FENERBAHCE BEKO ISTANBUL</awayteam><awaycode>ULK</awaycode><awayscore>72</awayscore><played>true</played></game><game><round>RS</round><gameday>7</gameday><date>Oct 31, 2024</date><time>20:15</time><gamenumber>56</gamenumber><gamecode>E2024_56</gamecode><group>Regular Season</group><hometeam>OLYMPIACOS PIRAEUS</hometeam><homecode>OLY</homecode><homescore>95</homescore><awayteam>FC BARCELONA</awayteam><awaycode>BAR</awaycode><awayscore>74</awayscore><played>true</played></game><game><round>RS</round><gameday>9</gameday><date>Nov 13, 2024</date><time>18:00</time><gamenumber>80</gamenumber><gamecode>E2024_80</gamecode><group>Regular Season</group><hometeam>PARTIZAN MOZZART BET BELGRADE</hometeam><homecode>PAR</homecode><homescore>79</homescore><awayteam>FC BARCELONA</awayteam><awaycode>BAR</awaycode><awayscore>87</awayscore><played>true</played></game><game><round>RS</round><gameday>8</gameday><date>Nov 07, 2024</date><time>20:30</time><gamenumber>66</gamenumber><gamecode>E2024_66</gamecode><group>Regular Season</group><hometeam>EA7 EMPORIO ARMANI MILAN</hometeam><homecode>MIL</homecode><homescore>85</homescore><awayteam>REAL MADRID</awayteam><awaycode>MAD</awaycode><awayscore>76</awayscore><played>true</played></game><game><round>RS</round><gameday>16</gameday><date>Dec 17, 2024</date><time>20:15</time><gamenumber>137</gamenumber><gamecode>E2024_137</gamecode><group>Regular Season</group><hometeam>PANATHINAIKOS AKTOR ATHENS</hometeam><homecode>PAN</homecode><homescore>103</homescore><awayteam>EA7 EMPORIO ARMANI MILAN</awayteam><awaycode>MIL</awaycode><awayscore>74</awayscore><played>true</played></game><game><round>RS</round><gameday>22</gameday><date>Jan 17, 2025</date><time>18:45</time><gamenumber>194</gamenumber><gamecode>E2024_194</gamecode><group>Regular Season</group><hometeam>FENERBAHCE BEKO ISTANBUL</hometeam><homecode>ULK</homecode><homescore>98</homescore><awayteam>ZALGIRIS KAUNAS</awayteam><awaycode>ZAL</awaycode><awayscore>86</awayscore><played>true</played></game><game><round>RS</round><gameday>14</gameday><date>Dec 06, 2024</date><time>20:45</time><gamenumber>126</gamenumber><gamecode>E2024_126</gamecode><group>Regular Season</group><hometeam>EA7 EMPORIO ARMANI MILAN</hometeam><homecode>MIL</homecode><homescore>92</homescore><awayteam>LDLC ASVEL VILLEURBANNE</awayteam><awaycode>ASV</awaycode><awayscore>84</awayscore><played>true</played></game><game><round>RS</round><gameday>22</gameday><date>Jan 17, 2025</date><time>20:45</time><gamenumber>198</gamenumber><gamecode>E2024_198</gamecode><group>Regular Season</group><hometeam>FC BARCELONA</hometeam><homecode>BAR</homecode><homescore>90</homescore><awayteam>ANADOLU EFES ISTANBUL</awayteam><awaycode>IST</awaycode><awayscore>80</awayscore><played>true</played></game><game><round>RS</round><gameday>16</gameday><date>Dec 17, 2024</date><time>20:30</time><gamenumber>139</gamenumber><gamecode>E2024_139</gamecode><group>Regular Season</group><hometeam>PARIS BASKETBALL</hometeam><homecode>PRS</homecode><homescore>85</homescore><awayteam>REAL MADRID</awayteam><awaycode>MAD</awaycode><awayscore>96</awayscore><played>true</played></game><game><round>RS</round><gameday>15</gameday><date>Dec 13, 2024</date><time>20:30</time><gamenumber>134</gamenumber><gamecode>E2024_134</gamecode><group>Regular Season</group><hometeam>FC BARCELONA</hometeam><homecode>BAR</homecode><homescore>81</homescore><awayteam>EA7 EMPORIO ARMANI MILAN</awayteam><awaycode>MIL</awaycode><awayscore>94</awayscore><played>true</played></game><game><round>RS</round><gameday>12</gameday><date>Nov 29, 2024</date><time>20:15</time><gamenumber>106</gamenumber><gamecode>E2024_106</gamecode><group>Regular Season</group><hometeam>PANATHINAIKOS AKTOR ATHENS</hometeam><homecode>PAN</homecode><homescore>88</homescore><awayteam>AS MONACO</awayteam><awaycode>MCO</awaycode><awayscore>91</awayscore><played>true</played></game><game><round>RS</round><gameday>19</gameday><date>Jan 02, 2025</date><time>20:00</time><gamenumber>164</gamenumber><gamecode>E2024_164</gamecode><group>Regular Season</group><hometeam>ALBA BERLIN</hometeam><homecode>BER</homecode><homescore>90</homescore><awayteam>AS MONACO</awayteam><awaycode>MCO</awaycode><awayscore>105</awayscore><played>true</played></game><game><round>RS</round><gameday>8</gameday><date>Nov 08, 2024</date><time>20:30</time><gamenumber>72</gamenumber><gamecode>E2024_72</gamecode><group>Regular Season</group><hometeam>VIRTUS SEGAFREDO BOLOGNA</hometeam><homecode>VIR</homecode><homescore>84</homescore><awayteam>MACCABI PLAYTIKA TEL AVIV</awayteam><awaycode>TEL</awaycode><awayscore>77</awayscore><played>true</played></game><game><round>RS</round><gameday>13</gameday><date>Dec 04, 2024</date><time>19:00</time><gamenumber>115</gamenumber><gamecode>E2024_115</gamecode><group>Regular Season</group><hometeam>AS MONACO</hometeam><homecode>MCO</homecode><homescore>80</homescore><awayteam>OLYMPIACOS PIRAEUS</awayteam><awaycode>OLY</awaycode><awayscore>89</awayscore><played>true</played></game><game><round>RS</round><gameday>18</gameday><date>Dec 27, 2024</date><time>20:30</time><gamenumber>159</gamenumber><gamecode>E2024_159</gamecode><group>Regular Season</group><hometeam>PARTIZAN MOZZART BET BELGRADE</hometeam><homecode>PAR</homecode><homescore>90</homescore><awayteam>FENERBAHCE BEKO ISTANBUL</awayteam><awaycode>ULK</awaycode><awayscore>81</awayscore><played>true</played></game><game><round>RS</round><gameday>2</gameday><date>Oct 09, 2024</date><time>19:00</time><gamenumber>10</gamenumber><gamecode>E2024_10</gamecode><group>Regular Season</group><hometeam>AS MONACO</hometeam><homecode>MCO</homecode><homescore>85</homescore><awayteam>MACCABI PLAYTIKA TEL AVIV</awayteam><awaycode>TEL</awaycode><awayscore>79</awayscore><played>true</played></game><game><round>RS</round><gameday>6</gameday><date>Oct 30, 2024</date><time>19:00</time><gamenumber>48</gamenumber><gamecode>E2024_48</gamecode><group>Regular Season</group><hometeam>ZALGIRIS KAUNAS</hometeam><homecode>ZAL</homecode><homescore>86</homescore><awayteam>CRVENA ZVEZDA MERIDIANBET BELGRADE</awayteam><awaycode>RED</awaycode><awayscore>84</awayscore><played>true</played></game><game><round>RS</round><gameday>19</gameday><date>Jan 02, 2025</date><time>20:00</time><gamenumber>165</gamenumber><gamecode>E2024_165</gamecode><group>Regular Season</group><hometeam>LDLC ASVEL VILLEURBANNE</hometeam><homecode>ASV</homecode><homescore>66</homescore><awayteam>EA7 EMPORIO ARMANI MILAN</awayteam><awaycode>MIL</awaycode><awayscore>75</awayscore><played>true</played></game><game><round>RS</round><gameday>4</gameday><date>Oct 18, 2024</date><time>19:30</time><gamenumber>34</gamenumber><gamecode>E2024_34</gamecode><group>Regular Season</group><hometeam>ANADOLU EFES ISTANBUL</hometeam><homecode>IST</homecode><homescore>91</homescore><awayteam>OLYMPIACOS PIRAEUS</awayteam><awaycode>OLY</awaycode><awayscore>89</awayscore><played>true</played></game><game><round>RS</round><gameday>3</gameday><date>Oct 15, 2024</date><time>20:15</time><gamenumber>21</gamenumber><gamecode>E2024_21</gamecode><group>Regular Season</group><hometeam>OLYMPIACOS PIRAEUS</hometeam><homecode>OLY</homecode><homescore>89</homescore><awayteam>EA7 EMPORIO ARMANI MILAN</awayteam><awaycode>MIL</awaycode><awayscore>68</awayscore><played>true</played></game><game><round>RS</round><gameday>20</gameday><date>Jan 09, 2025</date><time>19:00</time><gamenumber>173</gamenumber><gamecode>E2024_173</gamecode><group>Regular Season</group><hometeam>AS MONACO</hometeam><homecode>MCO</homecode><homescore>84</homescore><awayteam>FC BARCELONA</awayteam><awaycode>BAR</awaycode><awayscore>98</awayscore><played>true</played></game><game><round>RS</round><gameday>18</gameday><date>Dec 26, 2024</date><time>19:00</time><gamenumber>154</gamenumber><gamecode>E2024_154</gamecode><group>Regular Season</group><hometeam>AS MONACO</hometeam><homecode>MCO</homecode><homescore>94</homescore><awayteam>ANADOLU EFES ISTANBUL</awayteam><awaycode>IST</awaycode><awayscore>75</awayscore><played>true</played></game><game><round>RS</round><gameday>10</gameday><date>Nov 15, 2024</date><time>20:30</time><gamenumber>90</gamenumber><gamecode>E2024_90</gamecode><group>Regular Season</group><hometeam>VIRTUS SEGAFREDO BOLOGNA</hometeam><homecode>VIR</homecode><homescore>77</homescore><awayteam>PANATHINAIKOS AKTOR ATHENS</awayteam><awaycode>PAN</awaycode><awayscore>82</awayscore><played>true</played></game><game><round>RS</round><gameday>10</gameday><date>Nov 15, 2024</date><time>20:30</time><gamenumber>88</gamenumber><gamecode>E2024_88</gamecode><group>Regular Season</group><hometeam>FC BARCELONA</hometeam><homecode>BAR</homecode><homescore>87</homescore><awayteam>PARIS BASKETBALL</awayteam><awaycode>PRS</awaycode><awayscore>103</awayscore><played>true</played></game><game><round>RS</round><gameday>15</gameday><date>Dec 12, 2024</date><time>20:30</time><gamenumber>129</gamenumber><gamecode>E2024_129</gamecode><group>Regular Season</group><hometeam>BASKONIA VITORIA-GASTEIZ</hometeam><homecode>BAS</homecode><homescore>81</homescore><awayteam>VIRTUS SEGAFREDO BOLOGNA</awayteam><awaycode>VIR</awaycode><awayscore>82</awayscore><played>true</played></game><game><round>RS</round><gameday>17</gameday><date>Dec 20, 2024</date><time>20:30</time><gamenumber>152</gamenumber><gamecode>E2024_152</gamecode><group>Regular Season</group><hometeam>CRVENA ZVEZDA MERIDIANBET BELGRADE</hometeam><homecode>RED</homecode><homescore>81</homescore><awayteam>MACCABI PLAYTIKA TEL AVIV</awayteam><awaycode>TEL</awaycode><awayscore>73</awayscore><played>true</played></game><game><round>RS</round><gameday>20</gameday><date>Jan 10, 2025</date><time>19:00</time><gamenumber>177</gamenumber><gamecode>E2024_177</gamecode><group>Regular Season</group><hometeam>ZALGIRIS KAUNAS</hometeam><homecode>ZAL</homecode><homescore>64</homescore><awayteam>REAL MADRID</awayteam><awaycode>MAD</awaycode><awayscore>83</awayscore><played>true</played></game><game><round>RS</round><gameday>13</gameday><date>Dec 03, 2024</date><time>18:30</time><gamenumber>109</gamenumber><gamecode>E2024_109</gamecode><group>Regular Season</group><hometeam>ANADOLU EFES ISTANBUL</hometeam><homecode>IST</homecode><homescore>101</homescore><awayteam>FC BAYERN MUNICH</awayteam><awaycode>MUN</awaycode><awayscore>90</awayscore><played>true</played></game><game><round>RS</round><gameday>9</gameday><date>Nov 12, 2024</date><time>19:00</time><gamenumber>74</gamenumber><gamecode>E2024_74</gamecode><group>Regular Season</group><hometeam>AS MONACO</hometeam><homecode>MCO</homecode><homescore>90</homescore><awayteam>CRVENA ZVEZDA MERIDIANBET BELGRADE</awayteam><awaycode>RED</awaycode><awayscore>98</awayscore><played>true</played></game><game><round>RS</round><gameday>7</gameday><date>Oct 31, 2024</date><time>20:00</time><gamenumber>55</gamenumber><gamecode>E2024_55</gamecode><group>Regular Season</group><hometeam>ALBA BERLIN</hometeam><homecode>BER</homecode><homescore>70</homescore><awayteam>ANADOLU EFES ISTANBUL</awayteam><awaycode>IST</awaycode><awayscore>86</awayscore><played>true</played></game><game><round>RS</round><gameday>13</gameday><date>Dec 03, 2024</date><time>20:30</time><gamenumber>113</gamenumber><gamecode>E2024_113</gamecode><group>Regular Season</group><hometeam>PARTIZAN MOZZART BET BELGRADE</hometeam><homecode>PAR</homecode><homescore>84</homescore><awayteam>ZALGIRIS KAUNAS</awayteam><awaycode>ZAL</awaycode><awayscore>78</awayscore><played>true</played></game><game><round>RS</round><gameday>15</gameday><date>Dec 13, 2024</date><time>21:00</time><gamenumber>135</gamenumber><gamecode>E2024_135</gamecode><group>Regular Season</group><hometeam>LDLC ASVEL VILLEURBANNE</hometeam><homecode>ASV</homecode><homescore>98</homescore><awayteam>PARIS BASKETBALL</awayteam><awaycode>PRS</awaycode><awayscore>93</awayscore><played>true</played></game><game><round>RS</round><gameday>14</gameday><date>Dec 06, 2024</date><time>20:15</time><gamenumber>124</gamenumber><gamecode>E2024_124</gamecode><group>Regular Season</group><hometeam>OLYMPIACOS PIRAEUS</hometeam><homecode>OLY</homecode><homescore>90</homescore><awayteam>PARIS BASKETBALL</awayteam><awaycode>PRS</awaycode><awayscore>96</awayscore><played>true</played></game><game><round>RS</round><gameday>18</gameday><date>Dec 27, 2024</date><time>20:30</time><gamenumber>158</gamenumber><gamecode>E2024_158</gamecode><group>Regular Season</group><hometeam>FC BARCELONA</hometeam><homecode>BAR</homecode><homescore>74</homescore><awayteam>CRVENA ZVEZDA MERIDIANBET BELGRADE</awayteam><awaycode>RED</awaycode><awayscore>78</awayscore><played>true</played></game><game><round>RS</round><gameday>13</gameday><date>Dec 03, 2024</date><time>20:30</time><gamenumber>112</gamenumber><gamecode>E2024_112</gamecode><group>Regular Season</group><hometeam>BASKONIA VITORIA-GASTEIZ</hometeam><homecode>BAS</homecode><homescore>88</homescore><awayteam>FENERBAHCE BEKO ISTANBUL</awayteam><awaycode>ULK</awaycode><awayscore>76</awayscore><played>true</played></game><game><round>RS</round><gameday>10</gameday><date>Nov 14, 2024</date><time>20:30</time><gamenumber>84</gamenumber><gamecode>E2024_84</gamecode><group>Regular Season</group><hometeam>FC BAYERN MUNICH</hometeam><homecode>MUN</homecode><homescore>115</homescore><awayteam>ALBA BERLIN</awayteam><awaycode>BER</awaycode><awayscore>88</awayscore><played>true</played></game><game><round>RS</round><gameday>14</gameday><date>Dec 05, 2024</date><time>20:45</time><gamenumber>121</gamenumber><gamecode>E2024_121</gamecode><group>Regular Season</group><hometeam>REAL MADRID</hometeam><homecode>MAD</homecode><homescore>70</homescore><awayteam>FENERBAHCE BEKO ISTANBUL</awayteam><awaycode>ULK</awaycode><awayscore>82</awayscore><played>true</played></game><game><round>RS</round><gameday>6</gameday><date>Oct 30, 2024</date><time>20:45</time><gamenumber>53</gamenumber><gamecode>E2024_53</gamecode><group>Regular Season</group><hometeam>PARTIZAN MOZZART BET BELGRADE</hometeam><homecode>PAR</homecode><homescore>74</homescore><awayteam>AS MONACO</awayteam><awaycode>MCO</awaycode><awayscore>79</awayscore><played>true</played></game><game><round>RS</round><gameday>11</gameday><date>Nov 22, 2024</date><time>19:00</time><gamenumber>98</gamenumber><gamecode>E2024_98</gamecode><group>Regular Season</group><hometeam>ZALGIRIS KAUNAS</hometeam><homecode>ZAL</homecode><homescore>84</homescore><awayteam>PANATHINAIKOS AKTOR ATHENS</awayteam><awaycode>PAN</awaycode><awayscore>77</awayscore><played>true</played></game><game><round>RS</round><gameday>20</gameday><date>Jan 09, 2025</date><time>20:15</time><gamenumber>174</gamenumber><gamecode>E2024_174</gamecode><group>Regular Season</group><hometeam>PANATHINAIKOS AKTOR ATHENS</hometeam><homecode>PAN</homecode><homescore>96</homescore><awayteam>PARTIZAN MOZZART BET BELGRADE</awayteam><awaycode>PAR</awaycode><awayscore>84</awayscore><played>true</played></game><game><round>RS</round><gameday>7</gameday><date>Nov 01, 2024</date><time>18:45</time><gamenumber>59</gamenumber><gamecode>E2024_59</gamecode><group>Regular Season</group><hometeam>FENERBAHCE BEKO ISTANBUL</hometeam><homecode>ULK</homecode><homescore>89</homescore><awayteam>PARTIZAN MOZZART BET BELGRADE</awayteam><awaycode>PAR</awaycode><awayscore>72</awayscore><played>true</played></game><game><round>RS</round><gameday>16</gameday><date>Dec 17, 2024</date><time>20:30</time><gamenumber>138</gamenumber><gamecode>E2024_138</gamecode><group>Regular Season</group><hometeam>FC BARCELONA</hometeam><homecode>BAR</homecode><homescore>90</homescore><awayteam>FENERBAHCE BEKO ISTANBUL</awayteam><awaycode>ULK</awaycode><awayscore>63</awayscore><played>true</played></game><game><round>RS</round><gameday>9</gameday><date>Nov 12, 2024</date><time>20:30</time><gamenumber>78</gamenumber><gamecode>E2024_78</gamecode><group>Regular Season</group><hometeam>BASKONIA VITORIA-GASTEIZ</hometeam><homecode>BAS</homecode><homescore>84</homescore><awayteam>ANADOLU EFES ISTANBUL</awayteam><awaycode>IST</awaycode><awayscore>89</awayscore><played>true</played></game><game><round>RS</round><gameday>16</gameday><date>Dec 17, 2024</date><time>20:45</time><gamenumber>140</gamenumber><gamecode>E2024_140</gamecode><group>Regular Season</group><hometeam>ALBA BERLIN</hometeam><homecode>BER</homecode><homescore>66</homescore><awayteam>ZALGIRIS KAUNAS</awayteam><awaycode>ZAL</awaycode><awayscore>86</awayscore><played>true</played></game><game><round>RS</round><gameday>7</gameday><date>Oct 31, 2024</date><time>20:05</time><gamenumber>58</gamenumber><gamecode>E2024_58</gamecode><group>Regular Season</group><hometeam>MACCABI PLAYTIKA TEL AVIV</hometeam><homecode>TEL</homecode><homescore>79</homescore><awayteam>REAL MADRID</awayteam><awaycode>MAD</awaycode><awayscore>78</awayscore><played>true</played></game><game><round>RS</round><gameday>8</gameday><date>Nov 08, 2024</date><time>18:00</time><gamenumber>64</gamenumber><gamecode>E2024_64</gamecode><group>Regular Season</group><hometeam>ANADOLU EFES ISTANBUL</hometeam><homecode>IST</homecode><homescore>69</homescore><awayteam>AS MONACO</awayteam><awaycode>MCO</awaycode><awayscore>81</awayscore><played>true</played></game><game><round>RS</round><gameday>7</gameday><date>Nov 01, 2024</date><time>20:00</time><gamenumber>62</gamenumber><gamecode>E2024_62</gamecode><group>Regular Season</group><hometeam>LDLC ASVEL VILLEURBANNE</hometeam><homecode>ASV</homecode><homescore>71</homescore><awayteam>FC BAYERN MUNICH</awayteam><awaycode>MUN</awaycode><awayscore>84</awayscore><played>true</played></game><game><round>RS</round><gameday>20</gameday><date>Jan 10, 2025</date><time>20:00</time><gamenumber>178</gamenumber><gamecode>E2024_178</gamecode><group>Regular Season</group><hometeam>CRVENA ZVEZDA MERIDIANBET BELGRADE</hometeam><homecode>RED</homecode><homescore>85</homescore><awayteam>PARIS BASKETBALL</awayteam><awaycode>PRS</awaycode><awayscore>69</awayscore><played>true</played></game><game><round>RS</round><gameday>5</gameday><date>Oct 25, 2024</date><time>19:45</time><gamenumber>43</gamenumber><gamecode>E2024_43</gamecode><group>Regular Season</group><hometeam>FENERBAHCE BEKO ISTANBUL</hometeam><homecode>ULK</homecode><homescore>76</homescore><awayteam>PANATHINAIKOS AKTOR ATHENS</awayteam><awaycode>PAN</awaycode><awayscore>81</awayscore><played>true</played></game><game><round>RS</round><gameday>3</gameday><date>Oct 15, 2024</date><time>20:30</time><gamenumber>22</gamenumber><gamecode>E2024_22</gamecode><group>Regular Season</group><hometeam>BASKONIA VITORIA-GASTEIZ</hometeam><homecode>BAS</homecode><homescore>76</homescore><awayteam>REAL MADRID</awayteam><awaycode>MAD</awaycode><awayscore>72</awayscore><played>true</played></game><game><round>RS</round><gameday>17</gameday><date>Dec 19, 2024</date><time>18:45</time><gamenumber>145</gamenumber><gamecode>E2024_145</gamecode><group>Regular Season</group><hometeam>PANATHINAIKOS AKTOR ATHENS</hometeam><homecode>PAN</homecode><homescore>104</homescore><awayteam>BASKONIA VITORIA-GASTEIZ</awayteam><awaycode>BAS</awaycode><awayscore>69</awayscore><played>true</played></game><game><round>RS</round><gameday>8</gameday><date>Nov 08, 2024</date><time>20:15</time><gamenumber>70</gamenumber><gamecode>E2024_70</gamecode><group>Regular Season</group><hometeam>PANATHINAIKOS AKTOR ATHENS</hometeam><homecode>PAN</homecode><homescore>89</homescore><awayteam>OLYMPIACOS PIRAEUS</awayteam><awaycode>OLY</awaycode><awayscore>94</awayscore><played>true</played></game><game><round>RS</round><gameday>12</gameday><date>Nov 29, 2024</date><time>20:00</time><gamenumber>105</gamenumber><gamecode>E2024_105</gamecode><group>Regular Season</group><hometeam>CRVENA ZVEZDA MERIDIANBET BELGRADE</hometeam><homecode>RED</homecode><homescore>101</homescore><awayteam>FC BAYERN MUNICH</awayteam><awaycode>MUN</awaycode><awayscore>77</awayscore><played>true</played></game><game><round>RS</round><gameday>1</gameday><date>Oct 04, 2024</date><time>21:00</time><gamenumber>9</gamenumber><gamecode>E2024_9</gamecode><group>Regular Season</group><hometeam>VIRTUS SEGAFREDO BOLOGNA</hometeam><homecode>VIR</homecode><homescore>67</homescore><awayteam>ANADOLU EFES ISTANBUL</awayteam><awaycode>IST</awaycode><awayscore>76</awayscore><played>true</played></game><game><round>RS</round><gameday>3</gameday><date>Oct 15, 2024</date><time>20:30</time><gamenumber>23</gamenumber><gamecode>E2024_23</gamecode><group>Regular Season</group><hometeam>PARIS BASKETBALL</hometeam><homecode>PRS</homecode><homescore>84</homescore><awayteam>PANATHINAIKOS AKTOR ATHENS</awayteam><awaycode>PAN</awaycode><awayscore>80</awayscore><played>true</played></game><game><round>RS</round><gameday>9</gameday><date>Nov 13, 2024</date><time>20:30</time><gamenumber>81</gamenumber><gamecode>E2024_81</gamecode><group>Regular Season</group><hometeam>PARIS BASKETBALL</hometeam><homecode>PRS</homecode><homescore>83</homescore><awayteam>ZALGIRIS KAUNAS</awayteam><awaycode>ZAL</awaycode><awayscore>77</awayscore><played>true</played></game><game><round>RS</round><gameday>22</gameday><date>Jan 17, 2025</date><time>20:30</time><gamenumber>197</gamenumber><gamecode>E2024_197</gamecode><group>Regular Season</group><hometeam>FC BAYERN MUNICH</hometeam><homecode>MUN</homecode><homescore>72</homescore><awayteam>VIRTUS SEGAFREDO BOLOGNA</awayteam><awaycode>VIR</awaycode><awayscore>82</awayscore><played>true</played></game><game><round>RS</round><gameday>19</gameday><date>Jan 03, 2025</date><time>20:30</time><gamenumber>170</gamenumber><gamecode>E2024_170</gamecode><group>Regular Season</group><hometeam>PARTIZAN MOZZART BET BELGRADE</hometeam><homecode>PAR</homecode><homescore>98</homescore><awayteam>MACCABI PLAYTIKA TEL AVIV</awayteam><awaycode>TEL</awaycode><awayscore>75</awayscore><played>true</played></game><game><round>RS</round><gameday>21</gameday><date>Jan 14, 2025</date><time>20:45</time><gamenumber>185</gamenumber><gamecode>E2024_185</gamecode><group>Regular Season</group><hometeam>REAL MADRID</hometeam><homecode>MAD</homecode><homescore>116</homescore><awayteam>MACCABI PLAYTIKA TEL AVIV</awayteam><awaycode>TEL</awaycode><awayscore>113</awayscore><played>true</played></game><game><round>RS</round><gameday>18</gameday><date>Dec 26, 2024</date><time>20:05</time><gamenumber>157</gamenumber><gamecode>E2024_157</gamecode><group>Regular Season</group><hometeam>MACCABI PLAYTIKA TEL AVIV</hometeam><homecode>TEL</homecode><homescore>95</homescore><awayteam>ZALGIRIS KAUNAS</awayteam><awaycode>ZAL</awaycode><awayscore>78</awayscore><played>true</played></game><game><round>RS</round><gameday>22</gameday><date>Jan 16, 2025</date><time>20:45</time><gamenumber>193</gamenumber><gamecode>E2024_193</gamecode><group>Regular Season</group><hometeam>REAL MADRID</hometeam><homecode>MAD</homecode><homescore>86</homescore><awayteam>OLYMPIACOS PIRAEUS</awayteam><awaycode>OLY</awaycode><awayscore>96</awayscore><played>true</played></game><game><round>RS</round><gameday>11</gameday><date>Nov 21, 2024</date><time>20:30</time><gamenumber>95</gamenumber><gamecode>E2024_95</gamecode><group>Regular Season</group><hometeam>EA7 EMPORIO ARMANI MILAN</hometeam><homecode>MIL</homecode><homescore>98</homescore><awayteam>MACCABI PLAYTIKA TEL AVIV</awayteam><awaycode>TEL</awaycode><awayscore>86</awayscore><played>true</played></game><game><round>RS</round><gameday>15</gameday><date>Dec 12, 2024</date><time>18:45</time><gamenumber>127</gamenumber><gamecode>E2024_127</gamecode><group>Regular Season</group><hometeam>FENERBAHCE BEKO ISTANBUL</hometeam><homecode>ULK</homecode><homescore>69</homescore><awayteam>AS MONACO</awayteam><awaycode>MCO</awaycode><awayscore>99</awayscore><played>true</played></game><game><round>RS</round><gameday>3</gameday><date>Oct 15, 2024</date><time>19:30</time><gamenumber>19</gamenumber><gamecode>E2024_19</gamecode><group>Regular Season</group><hometeam>ALBA BERLIN</hometeam><homecode>BER</homecode><homescore>84</homescore><awayteam>LDLC ASVEL VILLEURBANNE</awayteam><awaycode>ASV</awaycode><awayscore>79</awayscore><played>true</played></game><game><round>RS</round><gameday>12</gameday><date>Nov 28, 2024</date><time>20:30</time><gamenumber>103</gamenumber><gamecode>E2024_103</gamecode><group>Regular Season</group><hometeam>PARTIZAN MOZZART BET BELGRADE</hometeam><homecode>PAR</homecode><homescore>78</homescore><awayteam>OLYMPIACOS PIRAEUS</awayteam><awaycode>OLY</awaycode><awayscore>70</awayscore><played>true</played></game><game><round>RS</round><gameday>20</gameday><date>Jan 10, 2025</date><time>18:30</time><gamenumber>176</gamenumber><gamecode>E2024_176</gamecode><group>Regular Season</group><hometeam>ANADOLU EFES ISTANBUL</hometeam><homecode>IST</homecode><homescore>76</homescore><awayteam>LDLC ASVEL VILLEURBANNE</awayteam><awaycode>ASV</awaycode><awayscore>82</awayscore><played>true</played></game><game><round>RS</round><gameday>13</gameday><date>Dec 03, 2024</date><time>20:00</time><gamenumber>110</gamenumber><gamecode>E2024_110</gamecode><group>Regular Season</group><hometeam>LDLC ASVEL VILLEURBANNE</hometeam><homecode>ASV</homecode><homescore>80</homescore><awayteam>REAL MADRID</awayteam><awaycode>MAD</awaycode><awayscore>78</awayscore><played>true</played></game><game><round>RS</round><gameday>2</gameday><date>Oct 11, 2024</date><time>20:15</time><gamenumber>18</gamenumber><gamecode>E2024_18</gamecode><group>Regular Season</group><hometeam>OLYMPIACOS PIRAEUS</hometeam><homecode>OLY</homecode><homescore>74</homescore><awayteam>ZALGIRIS KAUNAS</awayteam><awaycode>ZAL</awaycode><awayscore>68</awayscore><played>true</played></game><game><round>RS</round><gameday>20</gameday><date>Jan 10, 2025</date><time>20:15</time><gamenumber>179</gamenumber><gamecode>E2024_179</gamecode><group>Regular Season</group><hometeam>OLYMPIACOS PIRAEUS</hometeam><homecode>OLY</homecode><homescore>112</homescore><awayteam>FC BAYERN MUNICH</awayteam><awaycode>MUN</awaycode><awayscore>69</awayscore><played>true</played></game><game><round>RS</round><gameday>11</gameday><date>Nov 22, 2024</date><time>20:30</time><gamenumber>99</gamenumber><gamecode>E2024_99</gamecode><group>Regular Season</group><hometeam>FC BAYERN MUNICH</hometeam><homecode>MUN</homecode><homescore>100</homescore><awayteam>FC BARCELONA</awayteam><awaycode>BAR</awaycode><awayscore>78</awayscore><played>true</played></game><game><round>RS</round><gameday>6</gameday><date>Oct 29, 2024</date><time>20:15</time><gamenumber>50</gamenumber><gamecode>E2024_50</gamecode><group>Regular Season</group><hometeam>OLYMPIACOS PIRAEUS</hometeam><homecode>OLY</homecode><homescore>79</homescore><awayteam>REAL MADRID</awayteam><awaycode>MAD</awaycode><awayscore>69</awayscore><played>true</played></game><game><round>RS</round><gameday>4</gameday><date>Oct 18, 2024</date><time>20:00</time><gamenumber>35</gamenumber><gamecode>E2024_35</gamecode><group>Regular Season</group><hometeam>CRVENA ZVEZDA MERIDIANBET BELGRADE</hometeam><homecode>RED</homecode><homescore>94</homescore><awayteam>FC BARCELONA</awayteam><awaycode>BAR</awaycode><awayscore>98</awayscore><played>true</played></game><game><round>RS</round><gameday>11</gameday><date>Nov 21, 2024</date><time>20:15</time><gamenumber>94</gamenumber><gamecode>E2024_94</gamecode><group>Regular Season</group><hometeam>OLYMPIACOS PIRAEUS</hometeam><homecode>OLY</homecode><homescore>92</homescore><awayteam>BASKONIA VITORIA-GASTEIZ</awayteam><awaycode>BAS</awaycode><awayscore>69</awayscore><played>true</played></game><game><round>RS</round><gameday>3</gameday><date>Oct 15, 2024</date><time>20:30</time><gamenumber>24</gamenumber><gamecode>E2024_24</gamecode><group>Regular Season</group><hometeam>VIRTUS SEGAFREDO BOLOGNA</hometeam><homecode>VIR</homecode><homescore>68</homescore><awayteam>ZALGIRIS KAUNAS</awayteam><awaycode>ZAL</awaycode><awayscore>71</awayscore><played>true</played></game><game><round>RS</round><gameday>5</gameday><date>Oct 25, 2024</date><time>20:45</time><gamenumber>45</gamenumber><gamecode>E2024_45</gamecode><group>Regular Season</group><hometeam>FC BAYERN MUNICH</hometeam><homecode>MUN</homecode><homescore>84</homescore><awayteam>OLYMPIACOS PIRAEUS</awayteam><awaycode>OLY</awaycode><awayscore>80</awayscore><played>true</played></game><game><round>RS</round><gameday>1</gameday><date>Oct 03, 2024</date><time>19:00</time><gamenumber>2</gamenumber><gamecode>E2024_2</gamecode><group>Regular Season</group><hometeam>AS MONACO</hometeam><homecode>MCO</homecode><homescore>93</homescore><awayteam>EA7 EMPORIO ARMANI MILAN</awayteam><awaycode>MIL</awaycode><awayscore>80</awayscore><played>true</played></game><game><round>RS</round><gameday>19</gameday><date>Jan 03, 2025</date><time>18:45</time><gamenumber>167</gamenumber><gamecode>E2024_167</gamecode><group>Regular Season</group><hometeam>FENERBAHCE BEKO ISTANBUL</hometeam><homecode>ULK</homecode><homescore>84</homescore><awayteam>ANADOLU EFES ISTANBUL</awayteam><awaycode>IST</awaycode><awayscore>76</awayscore><played>true</played></game><game><round>RS</round><gameday>12</gameday><date>Nov 28, 2024</date><time>20:00</time><gamenumber>101</gamenumber><gamecode>E2024_101</gamecode><group>Regular Season</group><hometeam>ALBA BERLIN</hometeam><homecode>BER</homecode><homescore>85</homescore><awayteam>MACCABI PLAYTIKA TEL AVIV</awayteam><awaycode>TEL</awaycode><awayscore>103</awayscore><played>true</played></game><game><round>RS</round><gameday>10</gameday><date>Nov 14, 2024</date><time>20:45</time><gamenumber>85</gamenumber><gamecode>E2024_85</gamecode><group>Regular Season</group><hometeam>REAL MADRID</hometeam><homecode>MAD</homecode><homescore>64</homescore><awayteam>ANADOLU EFES ISTANBUL</awayteam><awaycode>IST</awaycode><awayscore>74</awayscore><played>true</played></game><game><round>RS</round><gameday>12</gameday><date>Nov 29, 2024</date><time>21:00</time><gamenumber>108</gamenumber><gamecode>E2024_108</gamecode><group>Regular Season</group><hometeam>LDLC ASVEL VILLEURBANNE</hometeam><homecode>ASV</homecode><homescore>97</homescore><awayteam>ANADOLU EFES ISTANBUL</awayteam><awaycode>IST</awaycode><awayscore>82</awayscore><played>true</played></game><game><round>RS</round><gameday>8</gameday><date>Nov 07, 2024</date><time>20:45</time><gamenumber>68</gamenumber><gamecode>E2024_68</gamecode><group>Regular Season</group><hometeam>PARIS BASKETBALL</hometeam><homecode>PRS</homecode><homescore>74</homescore><awayteam>PARTIZAN MOZZART BET BELGRADE</awayteam><awaycode>PAR</awaycode><awayscore>71</awayscore><played>true</played></game><game><round>RS</round><gameday>9</gameday><date>Nov 12, 2024</date><time>20:00</time><gamenumber>76</gamenumber><gamecode>E2024_76</gamecode><group>Regular Season</group><hometeam>OLYMPIACOS PIRAEUS</hometeam><homecode>OLY</homecode><homescore>94</homescore><awayteam>LDLC ASVEL VILLEURBANNE</awayteam><awaycode>ASV</awaycode><awayscore>92</awayscore><played>true</played></game><game><round>RS</round><gameday>13</gameday><date>Dec 04, 2024</date><time>20:30</time><gamenumber>116</gamenumber><gamecode>E2024_116</gamecode><group>Regular Season</group><hometeam>EA7 EMPORIO ARMANI MILAN</hometeam><homecode>MIL</homecode><homescore>101</homescore><awayteam>CRVENA ZVEZDA MERIDIANBET BELGRADE</awayteam><awaycode>RED</awaycode><awayscore>86</awayscore><played>true</played></game><game><round>RS</round><gameday>4</gameday><date>Oct 18, 2024</date><time>19:00</time><gamenumber>33</gamenumber><gamecode>E2024_33</gamecode><group>Regular Season</group><hometeam>AS MONACO</hometeam><homecode>MCO</homecode><homescore>101</homescore><awayteam>VIRTUS SEGAFREDO BOLOGNA</awayteam><awaycode>VIR</awaycode><awayscore>85</awayscore><played>true</played></game><game><round>RS</round><gameday>19</gameday><date>Jan 02, 2025</date><time>20:30</time><gamenumber>166</gamenumber><gamecode>E2024_166</gamecode><group>Regular Season</group><hometeam>BASKONIA VITORIA-GASTEIZ</hometeam><homecode>BAS</homecode><homescore>73</homescore><awayteam>CRVENA ZVEZDA MERIDIANBET BELGRADE</awayteam><awaycode>RED</awaycode><awayscore>75</awayscore><played>true</played></game><game><round>RS</round><gameday>21</gameday><date>Jan 14, 2025</date><time>20:30</time><gamenumber>184</gamenumber><gamecode>E2024_184</gamecode><group>Regular Season</group><hometeam>PARIS BASKETBALL</hometeam><homecode>PRS</homecode><homescore>88</homescore><awayteam>ANADOLU EFES ISTANBUL</awayteam><awaycode>IST</awaycode><awayscore>84</awayscore><played>true</played></game><game><round>RS</round><gameday>1</gameday><date>Oct 04, 2024</date><time>21:00</time><gamenumber>8</gamenumber><gamecode>E2024_8</gamecode><group>Regular Season</group><hometeam>PARIS BASKETBALL</hometeam><homecode>PRS</homecode><homescore>77</homescore><awayteam>CRVENA ZVEZDA MERIDIANBET BELGRADE</awayteam><awaycode>RED</awaycode><awayscore>80</awayscore><played>true</played></game><game><round>RS</round><gameday>8</gameday><date>Nov 08, 2024</date><time>20:00</time><gamenumber>69</gamenumber><gamecode>E2024_69</gamecode><group>Regular Season</group><hometeam>LDLC ASVEL VILLEURBANNE</hometeam><homecode>ASV</homecode><homescore>73</homescore><awayteam>FENERBAHCE BEKO ISTANBUL</awayteam><awaycode>ULK</awaycode><awayscore>77</awayscore><played>true</played></game><game><round>RS</round><gameday>15</gameday><date>Dec 12, 2024</date><time>20:45</time><gamenumber>130</gamenumber><gamecode>E2024_130</gamecode><group>Regular Season</group><hometeam>FC BAYERN MUNICH</hometeam><homecode>MUN</homecode><homescore>98</homescore><awayteam>MACCABI PLAYTIKA TEL AVIV</awayteam><awaycode>TEL</awaycode><awayscore>93</awayscore><played>true</played></game><game><round>RS</round><gameday>18</gameday><date>Dec 27, 2024</date><time>20:30</time><gamenumber>162</gamenumber><gamecode>E2024_162</gamecode><group>Regular Season</group><hometeam>VIRTUS SEGAFREDO BOLOGNA</hometeam><homecode>VIR</homecode><homescore>83</homescore><awayteam>LDLC ASVEL VILLEURBANNE</awayteam><awaycode>ASV</awaycode><awayscore>69</awayscore><played>true</played></game><game><round>RS</round><gameday>4</gameday><date>Oct 17, 2024</date><time>20:30</time><gamenumber>29</gamenumber><gamecode>E2024_29</gamecode><group>Regular Season</group><hometeam>EA7 EMPORIO ARMANI MILAN</hometeam><homecode>MIL</homecode><homescore>82</homescore><awayteam>ZALGIRIS KAUNAS</awayteam><awaycode>ZAL</awaycode><awayscore>85</awayscore><played>true</played></game><game><round>RS</round><gameday>2</gameday><date>Oct 09, 2024</date><time>20:00</time><gamenumber>11</gamenumber><gamecode>E2024_11</gamecode><group>Regular Season</group><hometeam>CRVENA ZVEZDA MERIDIANBET BELGRADE</hometeam><homecode>RED</homecode><homescore>78</homescore><awayteam>BASKONIA VITORIA-GASTEIZ</awayteam><awaycode>BAS</awaycode><awayscore>71</awayscore><played>true</played></game><game><round>RS</round><gameday>21</gameday><date>Jan 15, 2025</date><time>20:30</time><gamenumber>189</gamenumber><gamecode>E2024_189</gamecode><group>Regular Season</group><hometeam>FC BAYERN MUNICH</hometeam><homecode>MUN</homecode><homescore>95</homescore><awayteam>AS MONACO</awayteam><awaycode>MCO</awaycode><awayscore>94</awayscore><played>true</played></game><game><round>RS</round><gameday>14</gameday><date>Dec 05, 2024</date><time>20:05</time><gamenumber>122</gamenumber><gamecode>E2024_122</gamecode><group>Regular Season</group><hometeam>MACCABI PLAYTIKA TEL AVIV</hometeam><homecode>TEL</homecode><homescore>86</homescore><awayteam>FC BARCELONA</awayteam><awaycode>BAR</awaycode><awayscore>88</awayscore><played>true</played></game><game><round>RS</round><gameday>19</gameday><date>Jan 03, 2025</date><time>20:15</time><gamenumber>169</gamenumber><gamecode>E2024_169</gamecode><group>Regular Season</group><hometeam>PARIS BASKETBALL</hometeam><homecode>PRS</homecode><homescore>79</homescore><awayteam>FC BARCELONA</awayteam><awaycode>BAR</awaycode><awayscore>90</awayscore><played>true</played></game><game><round>RS</round><gameday>12</gameday><date>Nov 29, 2024</date><time>18:45</time><gamenumber>104</gamenumber><gamecode>E2024_104</gamecode><group>Regular Season</group><hometeam>FENERBAHCE BEKO ISTANBUL</hometeam><homecode>ULK</homecode><homescore>85</homescore><awayteam>EA7 EMPORIO ARMANI MILAN</awayteam><awaycode>MIL</awaycode><awayscore>91</awayscore><played>true</played></game><game><round>RS</round><gameday>16</gameday><date>Dec 18, 2024</date><time>18:30</time><gamenumber>142</gamenumber><gamecode>E2024_142</gamecode><group>Regular Season</group><hometeam>ANADOLU EFES ISTANBUL</hometeam><homecode>IST</homecode><homescore>89</homescore><awayteam>CRVENA ZVEZDA MERIDIANBET BELGRADE</awayteam><awaycode>RED</awaycode><awayscore>67</awayscore><played>true</played></game><game><round>RS</round><gameday>5</gameday><date>Oct 23, 2024</date><time>20:30</time><gamenumber>37</gamenumber><gamecode>E2024_37</gamecode><group>Regular Season</group><hometeam>PARTIZAN MOZZART BET BELGRADE</hometeam><homecode>PAR</homecode><homescore>69</homescore><awayteam>VIRTUS SEGAFREDO BOLOGNA</awayteam><awaycode>VIR</awaycode><awayscore>70</awayscore><played>true</played></game><game><round>RS</round><gameday>10</gameday><date>Nov 15, 2024</date><time>20:30</time><gamenumber>89</gamenumber><gamecode>E2024_89</gamecode><group>Regular Season</group><hometeam>PARTIZAN MOZZART BET BELGRADE</hometeam><homecode>PAR</homecode><homescore>81</homescore><awayteam>EA7 EMPORIO ARMANI MILAN</awayteam><awaycode>MIL</awaycode><awayscore>88</awayscore><played>true</played></game><game><round>RS</round><gameday>3</gameday><date>Oct 15, 2024</date><time>20:45</time><gamenumber>26</gamenumber><gamecode>E2024_26</gamecode><group>Regular Season</group><hometeam>PARTIZAN MOZZART BET BELGRADE</hometeam><homecode>PAR</homecode><homescore>86</homescore><awayteam>FC BAYERN MUNICH</awayteam><awaycode>MUN</awaycode><awayscore>78</awayscore><played>true</played></game><game><round>RS</round><gameday>4</gameday><date>Oct 17, 2024</date><time>19:30</time><gamenumber>28</gamenumber><gamecode>E2024_28</gamecode><group>Regular Season</group><hometeam>ALBA BERLIN</hometeam><homecode>BER</homecode><homescore>71</homescore><awayteam>FENERBAHCE BEKO ISTANBUL</awayteam><awaycode>ULK</awaycode><awayscore>78</awayscore><played>true</played></game><game><round>RS</round><gameday>13</gameday><date>Dec 04, 2024</date><time>20:45</time><gamenumber>117</gamenumber><gamecode>E2024_117</gamecode><group>Regular Season</group><hometeam>VIRTUS SEGAFREDO BOLOGNA</hometeam><homecode>VIR</homecode><homescore>88</homescore><awayteam>ALBA BERLIN</awayteam><awaycode>BER</awaycode><awayscore>90</awayscore><played>true</played></game><game><round>RS</round><gameday>21</gameday><date>Jan 15, 2025</date><time>20:00</time><gamenumber>187</gamenumber><gamecode>E2024_187</gamecode><group>Regular Season</group><hometeam>CRVENA ZVEZDA MERIDIANBET BELGRADE</hometeam><homecode>RED</homecode><homescore>91</homescore><awayteam>FENERBAHCE BEKO ISTANBUL</awayteam><awaycode>ULK</awaycode><awayscore>96</awayscore><played>true</played></game><game><round>RS</round><gameday>15</gameday><date>Dec 13, 2024</date><time>18:30</time><gamenumber>132</gamenumber><gamecode>E2024_132</gamecode><group>Regular Season</group><hometeam>ANADOLU EFES ISTANBUL</hometeam><homecode>IST</homecode><homescore>93</homescore><awayteam>PANATHINAIKOS AKTOR ATHENS</awayteam><awaycode>PAN</awaycode><awayscore>67</awayscore><played>true</played></game><game><round>RS</round><gameday>2</gameday><date>Oct 10, 2024</date><time>20:45</time><gamenumber>15</gamenumber><gamecode>E2024_15</gamecode><group>Regular Season</group><hometeam>REAL MADRID</hometeam><homecode>MAD</homecode><homescore>93</homescore><awayteam>PARTIZAN MOZZART BET BELGRADE</awayteam><awaycode>PAR</awaycode><awayscore>86</awayscore><played>true</played></game><game><round>RS</round><gameday>7</gameday><date>Oct 31, 2024</date><time>20:30</time><gamenumber>57</gamenumber><gamecode>E2024_57</gamecode><group>Regular Season</group><hometeam>EA7 EMPORIO ARMANI MILAN</hometeam><homecode>MIL</homecode><homescore>99</homescore><awayteam>VIRTUS SEGAFREDO BOLOGNA</awayteam><awaycode>VIR</awaycode><awayscore>90</awayscore><played>true</played></game><game><round>RS</round><gameday>10</gameday><date>Nov 14, 2024</date><time>20:00</time><gamenumber>82</gamenumber><gamecode>E2024_82</gamecode><group>Regular Season</group><hometeam>LDLC ASVEL VILLEURBANNE</hometeam><homecode>ASV</homecode><homescore>77</homescore><awayteam>CRVENA ZVEZDA MERIDIANBET BELGRADE</awayteam><awaycode>RED</awaycode><awayscore>74</awayscore><played>true</played></game><game><round>RS</round><gameday>11</gameday><date>Nov 21, 2024</date><time>19:00</time><gamenumber>92</gamenumber><gamecode>E2024_92</gamecode><group>Regular Season</group><hometeam>AS MONACO</hometeam><homecode>MCO</homecode><homescore>103</homescore><awayteam>LDLC ASVEL VILLEURBANNE</awayteam><awaycode>ASV</awaycode><awayscore>92</awayscore><played>true</played></game><game><round>RS</round><gameday>17</gameday><date>Dec 19, 2024</date><time>20:45</time><gamenumber>147</gamenumber><gamecode>E2024_147</gamecode><group>Regular Season</group><hometeam>REAL MADRID</hometeam><homecode>MAD</homecode><homescore>94</homescore><awayteam>AS MONACO</awayteam><awaycode>MCO</awaycode><awayscore>72</awayscore><played>true</played></game><game><round>RS</round><gameday>6</gameday><date>Oct 29, 2024</date><time>20:30</time><gamenumber>52</gamenumber><gamecode>E2024_52</gamecode><group>Regular Season</group><hometeam>BASKONIA VITORIA-GASTEIZ</hometeam><homecode>BAS</homecode><homescore>88</homescore><awayteam>EA7 EMPORIO ARMANI MILAN</awayteam><awaycode>MIL</awaycode><awayscore>83</awayscore><played>true</played></game><game><round>RS</round><gameday>5</gameday><date>Oct 25, 2024</date><time>20:30</time><gamenumber>44</gamenumber><gamecode>E2024_44</gamecode><group>Regular Season</group><hometeam>FC BARCELONA</hometeam><homecode>BAR</homecode><homescore>90</homescore><awayteam>LDLC ASVEL VILLEURBANNE</awayteam><awaycode>ASV</awaycode><awayscore>83</awayscore><played>true</played></game><game><round>RS</round><gameday>6</gameday><date>Oct 30, 2024</date><time>20:15</time><gamenumber>51</gamenumber><gamecode>E2024_51</gamecode><group>Regular Season</group><hometeam>PANATHINAIKOS AKTOR ATHENS</hometeam><homecode>PAN</homecode><homescore>92</homescore><awayteam>LDLC ASVEL VILLEURBANNE</awayteam><awaycode>ASV</awaycode><awayscore>68</awayscore><played>true</played></game><game><round>RS</round><gameday>9</gameday><date>Nov 12, 2024</date><time>18:45</time><gamenumber>73</gamenumber><gamecode>E2024_73</gamecode><group>Regular Season</group><hometeam>FENERBAHCE BEKO ISTANBUL</hometeam><homecode>ULK</homecode><homescore>87</homescore><awayteam>FC BAYERN MUNICH</awayteam><awaycode>MUN</awaycode><awayscore>76</awayscore><played>true</played></game><game><round>RS</round><gameday>7</gameday><date>Nov 01, 2024</date><time>20:45</time><gamenumber>63</gamenumber><gamecode>E2024_63</gamecode><group>Regular Season</group><hometeam>PARIS BASKETBALL</hometeam><homecode>PRS</homecode><homescore>67</homescore><awayteam>BASKONIA VITORIA-GASTEIZ</awayteam><awaycode>BAS</awaycode><awayscore>65</awayscore><played>true</played></game><game><round>RS</round><gameday>5</gameday><date>Oct 24, 2024</date><time>19:00</time><gamenumber>38</gamenumber><gamecode>E2024_38</gamecode><group>Regular Season</group><hometeam>AS MONACO</hometeam><homecode>MCO</homecode><homescore>80</homescore><awayteam>PARIS BASKETBALL</awayteam><awaycode>PRS</awaycode><awayscore>87</awayscore><played>true</played></game><game><round>RS</round><gameday>20</gameday><date>Jan 10, 2025</date><time>20:45</time><gamenumber>180</gamenumber><gamecode>E2024_180</gamecode><group>Regular Season</group><hometeam>VIRTUS SEGAFREDO BOLOGNA</hometeam><homecode>VIR</homecode><homescore>76</homescore><awayteam>BASKONIA VITORIA-GASTEIZ</awayteam><awaycode>BAS</awaycode><awayscore>74</awayscore><played>true</played></game><game><round>RS</round><gameday>1</gameday><date>Oct 03, 2024</date><time>21:00</time><gamenumber>6</gamenumber><gamecode>E2024_6</gamecode><group>Regular Season</group><hometeam>MACCABI PLAYTIKA TEL AVIV</hometeam><homecode>TEL</homecode><homescore>89</homescore><awayteam>LDLC ASVEL VILLEURBANNE</awayteam><awaycode>ASV</awaycode><awayscore>82</awayscore><played>true</played></game><game><round>RS</round><gameday>4</gameday><date>Oct 17, 2024</date><time>20:05</time><gamenumber>32</gamenumber><gamecode>E2024_32</gamecode><group>Regular Season</group><hometeam>MACCABI PLAYTIKA TEL AVIV</hometeam><homecode>TEL</homecode><homescore>79</homescore><awayteam>PARTIZAN MOZZART BET BELGRADE</awayteam><awaycode>PAR</awaycode><awayscore>91</awayscore><played>true</played></game><game><round>RS</round><gameday>9</gameday><date>Nov 12, 2024</date><time>20:00</time><gamenumber>75</gamenumber><gamecode>E2024_75</gamecode><group>Regular Season</group><hometeam>ALBA BERLIN</hometeam><homecode>BER</homecode><homescore>105</homescore><awayteam>EA7 EMPORIO ARMANI MILAN</awayteam><awaycode>MIL</awaycode><awayscore>101</awayscore><played>true</played></game><game><round>RS</round><gameday>18</gameday><date>Dec 27, 2024</date><time>20:30</time><gamenumber>160</gamenumber><gamecode>E2024_160</gamecode><group>Regular Season</group><hometeam>BASKONIA VITORIA-GASTEIZ</hometeam><homecode>BAS</homecode><homescore>94</homescore><awayteam>PARIS BASKETBALL</awayteam><awaycode>PRS</awaycode><awayscore>81</awayscore><played>true</played></game><game><round>RS</round><gameday>11</gameday><date>Nov 21, 2024</date><time>20:45</time><gamenumber>96</gamenumber><gamecode>E2024_96</gamecode><group>Regular Season</group><hometeam>REAL MADRID</hometeam><homecode>MAD</homecode><homescore>98</homescore><awayteam>ALBA BERLIN</awayteam><awaycode>BER</awaycode><awayscore>84</awayscore><played>true</played></game><game><round>RS</round><gameday>14</gameday><date>Dec 05, 2024</date><time>20:30</time><gamenumber>119</gamenumber><gamecode>E2024_119</gamecode><group>Regular Season</group><hometeam>FC BAYERN MUNICH</hometeam><homecode>MUN</homecode><homescore>94</homescore><awayteam>BASKONIA VITORIA-GASTEIZ</awayteam><awaycode>BAS</awaycode><awayscore>80</awayscore><played>true</played></game><game><round>RS</round><gameday>10</gameday><date>Nov 14, 2024</date><time>19:00</time><gamenumber>86</gamenumber><gamecode>E2024_86</gamecode><group>Regular Season</group><hometeam>MACCABI PLAYTIKA TEL AVIV</hometeam><homecode>TEL</homecode><homescore>91</homescore><awayteam>OLYMPIACOS PIRAEUS</awayteam><awaycode>OLY</awaycode><awayscore>94</awayscore><played>true</played></game><game><round>RS</round><gameday>13</gameday><date>Dec 03, 2024</date><time>20:15</time><gamenumber>111</gamenumber><gamecode>E2024_111</gamecode><group>Regular Season</group><hometeam>PANATHINAIKOS AKTOR ATHENS</hometeam><homecode>PAN</homecode><homescore>90</homescore><awayteam>FC BARCELONA</awayteam><awaycode>BAR</awaycode><awayscore>89</awayscore><played>true</played></game><game><round>RS</round><gameday>8</gameday><date>Nov 07, 2024</date><time>19:00</time><gamenumber>65</gamenumber><gamecode>E2024_65</gamecode><group>Regular Season</group><hometeam>CRVENA ZVEZDA MERIDIANBET BELGRADE</hometeam><homecode>RED</homecode><homescore>92</homescore><awayteam>ALBA BERLIN</awayteam><awaycode>BER</awaycode><awayscore>71</awayscore><played>true</played></game><game><round>RS</round><gameday>9</gameday><date>Nov 12, 2024</date><time>20:15</time><gamenumber>77</gamenumber><gamecode>E2024_77</gamecode><group>Regular Season</group><hometeam>PANATHINAIKOS AKTOR ATHENS</hometeam><homecode>PAN</homecode><homescore>93</homescore><awayteam>MACCABI PLAYTIKA TEL AVIV</awayteam><awaycode>TEL</awaycode><awayscore>87</awayscore><played>true</played></game><game><round>RS</round><gameday>15</gameday><date>Dec 12, 2024</date><time>19:00</time><gamenumber>128</gamenumber><gamecode>E2024_128</gamecode><group>Regular Season</group><hometeam>ALBA BERLIN</hometeam><homecode>BER</homecode><homescore>90</homescore><awayteam>PARTIZAN MOZZART BET BELGRADE</awayteam><awaycode>PAR</awaycode><awayscore>91</awayscore><played>true</played></game><game><round>RS</round><gameday>21</gameday><date>Jan 14, 2025</date><time>20:30</time><gamenumber>182</gamenumber><gamecode>E2024_182</gamecode><group>Regular Season</group><hometeam>BASKONIA VITORIA-GASTEIZ</hometeam><homecode>BAS</homecode><homescore>101</homescore><awayteam>OLYMPIACOS PIRAEUS</awayteam><awaycode>OLY</awaycode><awayscore>102</awayscore><played>true</played></game><game><round>RS</round><gameday>2</gameday><date>Oct 10, 2024</date><time>20:15</time><gamenumber>14</gamenumber><gamecode>E2024_14</gamecode><group>Regular Season</group><hometeam>PANATHINAIKOS AKTOR ATHENS</hometeam><homecode>PAN</homecode><homescore>94</homescore><awayteam>FC BAYERN MUNICH</awayteam><awaycode>MUN</awaycode><awayscore>79</awayscore><played>true</played></game><game><round>RS</round><gameday>2</gameday><date>Oct 10, 2024</date><time>20:00</time><gamenumber>13</gamenumber><gamecode>E2024_13</gamecode><group>Regular Season</group><hometeam>LDLC ASVEL VILLEURBANNE</hometeam><homecode>ASV</homecode><homescore>87</homescore><awayteam>VIRTUS SEGAFREDO BOLOGNA</awayteam><awaycode>VIR</awaycode><awayscore>85</awayscore><played>true</played></game><game><round>RS</round><gameday>18</gameday><date>Dec 26, 2024</date><time>20:30</time><gamenumber>156</gamenumber><gamecode>E2024_156</gamecode><group>Regular Season</group><hometeam>EA7 EMPORIO ARMANI MILAN</hometeam><homecode>MIL</homecode><homescore>83</homescore><awayteam>OLYMPIACOS PIRAEUS</awayteam><awaycode>OLY</awaycode><awayscore>84</awayscore><played>true</played></game><game><round>RS</round><gameday>13</gameday><date>Dec 03, 2024</date><time>20:05</time><gamenumber>114</gamenumber><gamecode>E2024_114</gamecode><group>Regular Season</group><hometeam>MACCABI PLAYTIKA TEL AVIV</hometeam><homecode>TEL</homecode><homescore>81</homescore><awayteam>PARIS BASKETBALL</awayteam><awaycode>PRS</awaycode><awayscore>93</awayscore><played>true</played></game><game><round>RS</round><gameday>11</gameday><date>Nov 21, 2024</date><time>18:30</time><gamenumber>97</gamenumber><gamecode>E2024_97</gamecode><group>Regular Season</group><hometeam>ANADOLU EFES ISTANBUL</hometeam><homecode>IST</homecode><homescore>84</homescore><awayteam>PARIS BASKETBALL</awayteam><awaycode>PRS</awaycode><awayscore>93</awayscore><played>true</played></game><game><round>RS</round><gameday>18</gameday><date>Dec 26, 2024</date><time>19:00</time><gamenumber>155</gamenumber><gamecode>E2024_155</gamecode><group>Regular Season</group><hometeam>ALBA BERLIN</hometeam><homecode>BER</homecode><homescore>69</homescore><awayteam>REAL MADRID</awayteam><awaycode>MAD</awaycode><awayscore>80</awayscore><played>true</played></game><game><round>RS</round><gameday>3</gameday><date>Oct 15, 2024</date><time>19:45</time><gamenumber>20</gamenumber><gamecode>E2024_20</gamecode><group>Regular Season</group><hometeam>FENERBAHCE BEKO ISTANBUL</hometeam><homecode>ULK</homecode><homescore>57</homescore><awayteam>CRVENA ZVEZDA MERIDIANBET BELGRADE</awayteam><awaycode>RED</awaycode><awayscore>76</awayscore><played>true</played></game><game><round>RS</round><gameday>5</gameday><date>Oct 24, 2024</date><time>20:30</time><gamenumber>41</gamenumber><gamecode>E2024_41</gamecode><group>Regular Season</group><hometeam>BASKONIA VITORIA-GASTEIZ</hometeam><homecode>BAS</homecode><homescore>80</homescore><awayteam>ALBA BERLIN</awayteam><awaycode>BER</awaycode><awayscore>57</awayscore><played>true</played></game><game><round>RS</round><gameday>17</gameday><date>Dec 20, 2024</date><time>20:15</time><gamenumber>151</gamenumber><gamecode>E2024_151</gamecode><group>Regular Season</group><hometeam>OLYMPIACOS PIRAEUS</hometeam><homecode>OLY</homecode><homescore>90</homescore><awayteam>ALBA BERLIN</awayteam><awaycode>BER</awaycode><awayscore>85</awayscore><played>true</played></game><game><round>RS</round><gameday>22</gameday><date>Jan 16, 2025</date><time>20:30</time><gamenumber>191</gamenumber><gamecode>E2024_191</gamecode><group>Regular Season</group><hometeam>EA7 EMPORIO ARMANI MILAN</hometeam><homecode>MIL</homecode><homescore>70</homescore><awayteam>PARTIZAN MOZZART BET BELGRADE</awayteam><awaycode>PAR</awaycode><awayscore>90</awayscore><played>true</played></game><game><round>RS</round><gameday>15</gameday><date>Dec 12, 2024</date><time>20:45</time><gamenumber>131</gamenumber><gamecode>E2024_131</gamecode><group>Regular Season</group><hometeam>REAL MADRID</hometeam><homecode>MAD</homecode><homescore>83</homescore><awayteam>ZALGIRIS KAUNAS</awayteam><awaycode>ZAL</awaycode><awayscore>92</awayscore><played>true</played></game><game><round>RS</round><gameday>19</gameday><date>Jan 02, 2025</date><time>19:00</time><gamenumber>163</gamenumber><gamecode>E2024_163</gamecode><group>Regular Season</group><hometeam>ZALGIRIS KAUNAS</hometeam><homecode>ZAL</homecode><homescore>85</homescore><awayteam>OLYMPIACOS PIRAEUS</awayteam><awaycode>OLY</awaycode><awayscore>92</awayscore><played>true</played></game><game><round>RS</round><gameday>3</gameday><date>Oct 16, 2024</date><time>20:30</time><gamenumber>25</gamenumber><gamecode>E2024_25</gamecode><group>Regular Season</group><hometeam>FC BARCELONA</hometeam><homecode>BAR</homecode><homescore>86</homescore><awayteam>AS MONACO</awayteam><awaycode>MCO</awaycode><awayscore>71</awayscore><played>true</played></game><game><round>RS</round><gameday>21</gameday><date>Jan 15, 2025</date><time>19:00</time><gamenumber>186</gamenumber><gamecode>E2024_186</gamecode><group>Regular Season</group><hometeam>ZALGIRIS KAUNAS</hometeam><homecode>ZAL</homecode><homescore>77</homescore><awayteam>VIRTUS SEGAFREDO BOLOGNA</awayteam><awaycode>VIR</awaycode><awayscore>68</awayscore><played>true</played></game><game><round>RS</round><gameday>7</gameday><date>Nov 01, 2024</date><time>19:00</time><gamenumber>60</gamenumber><gamecode>E2024_60</gamecode><group>Regular Season</group><hometeam>ZALGIRIS KAUNAS</hometeam><homecode>ZAL</homecode><homescore>63</homescore><awayteam>AS MONACO</awayteam><awaycode>MCO</awaycode><awayscore>62</awayscore><played>true</played></game><game><round>RS</round><gameday>2</gameday><date>Oct 10, 2024</date><time>19:30</time><gamenumber>12</gamenumber><gamecode>E2024_12</gamecode><group>Regular Season</group><hometeam>ANADOLU EFES ISTANBUL</hometeam><homecode>IST</homecode><homescore>78</homescore><awayteam>FENERBAHCE BEKO ISTANBUL</awayteam><awaycode>ULK</awaycode><awayscore>83</awayscore><played>true</played></game><game><round>RS</round><gameday>17</gameday><date>Dec 20, 2024</date><time>21:00</time><gamenumber>153</gamenumber><gamecode>E2024_153</gamecode><group>Regular Season</group><hometeam>EA7 EMPORIO ARMANI MILAN</hometeam><homecode>MIL</homecode><homescore>78</homescore><awayteam>FC BAYERN MUNICH</awayteam><awaycode>MUN</awaycode><awayscore>79</awayscore><played>true</played></game><game><round>RS</round><gameday>1</gameday><date>Oct 04, 2024</date><time>19:30</time><gamenumber>7</gamenumber><gamecode>E2024_7</gamecode><group>Regular Season</group><hometeam>FENERBAHCE BEKO ISTANBUL</hometeam><homecode>ULK</homecode><homescore>82</homescore><awayteam>OLYMPIACOS PIRAEUS</awayteam><awaycode>OLY</awaycode><awayscore>71</awayscore><played>true</played></game><game><round>RS</round><gameday>1</gameday><date>Oct 03, 2024</date><time>20:30</time><gamenumber>4</gamenumber><gamecode>E2024_4</gamecode><group>Regular Season</group><hometeam>BASKONIA VITORIA-GASTEIZ</hometeam><homecode>BAS</homecode><homescore>88</homescore><awayteam>PARTIZAN MOZZART BET BELGRADE</awayteam><awaycode>PAR</awaycode><awayscore>82</awayscore><played>true</played></game><game><round>RS</round><gameday>6</gameday><date>Oct 29, 2024</date><time>21:00</time><gamenumber>54</gamenumber><gamecode>E2024_54</gamecode><group>Regular Season</group><hometeam>VIRTUS SEGAFREDO BOLOGNA</hometeam><homecode>VIR</homecode><homescore>84</homescore><awayteam>FC BAYERN MUNICH</awayteam><awaycode>MUN</awaycode><awayscore>87</awayscore><played>true</played></game><game><round>RS</round><gameday>10</gameday><date>Nov 14, 2024</date><time>20:30</time><gamenumber>83</gamenumber><gamecode>E2024_83</gamecode><group>Regular Season</group><hometeam>BASKONIA VITORIA-GASTEIZ</hometeam><homecode>BAS</homecode><homescore>75</homescore><awayteam>AS MONACO</awayteam><awaycode>MCO</awaycode><awayscore>87</awayscore><played>true</played></game><game><round>RS</round><gameday>1</gameday><date>Oct 03, 2024</date><time>20:45</time><gamenumber>5</gamenumber><gamecode>E2024_5</gamecode><group>Regular Season</group><hometeam>FC BAYERN MUNICH</hometeam><homecode>MUN</homecode><homescore>97</homescore><awayteam>REAL MADRID</awayteam><awaycode>MAD</awaycode><awayscore>89</awayscore><played>true</played></game><game><round>RS</round><gameday>17</gameday><date>Dec 20, 2024</date><time>19:00</time><gamenumber>149</gamenumber><gamecode>E2024_149</gamecode><group>Regular Season</group><hometeam>ZALGIRIS KAUNAS</hometeam><homecode>ZAL</homecode><homescore>72</homescore><awayteam>LDLC ASVEL VILLEURBANNE</awayteam><awaycode>ASV</awaycode><awayscore>78</awayscore><played>true</played></game><game><round>RS</round><gameday>6</gameday><date>Oct 29, 2024</date><time>19:30</time><gamenumber>47</gamenumber><gamecode>E2024_47</gamecode><group>Regular Season</group><hometeam>FENERBAHCE BEKO ISTANBUL</hometeam><homecode>ULK</homecode><homescore>84</homescore><awayteam>MACCABI PLAYTIKA TEL AVIV</awayteam><awaycode>TEL</awaycode><awayscore>82</awayscore><played>true</played></game><game><round>RS</round><gameday>20</gameday><date>Jan 09, 2025</date><time>18:45</time><gamenumber>172</gamenumber><gamecode>E2024_172</gamecode><group>Regular Season</group><hometeam>FENERBAHCE BEKO ISTANBUL</hometeam><homecode>ULK</homecode><homescore>90</homescore><awayteam>ALBA BERLIN</awayteam><awaycode>BER</awaycode><awayscore>73</awayscore><played>true</played></game><game><round>RS</round><gameday>12</gameday><date>Nov 28, 2024</date><time>20:30</time><gamenumber>102</gamenumber><gamecode>E2024_102</gamecode><group>Regular Season</group><hometeam>PARIS BASKETBALL</hometeam><homecode>PRS</homecode><homescore>81</homescore><awayteam>VIRTUS SEGAFREDO BOLOGNA</awayteam><awaycode>VIR</awaycode><awayscore>78</awayscore><played>true</played></game><game><round>RS</round><gameday>20</gameday><date>Jan 09, 2025</date><time>20:05</time><gamenumber>175</gamenumber><gamecode>E2024_175</gamecode><group>Regular Season</group><hometeam>MACCABI PLAYTIKA TEL AVIV</hometeam><homecode>TEL</homecode><homescore>74</homescore><awayteam>EA7 EMPORIO ARMANI MILAN</awayteam><awaycode>MIL</awaycode><awayscore>107</awayscore><played>true</played></game><game><round>RS</round><gameday>14</gameday><date>Dec 06, 2024</date><time>19:00</time><gamenumber>123</gamenumber><gamecode>E2024_123</gamecode><group>Regular Season</group><hometeam>AS MONACO</hometeam><homecode>MCO</homecode><homescore>100</homescore><awayteam>ALBA BERLIN</awayteam><awaycode>BER</awaycode><awayscore>80</awayscore><played>true</played></game><game><round>RS</round><gameday>4</gameday><date>Oct 17, 2024</date><time>20:45</time><gamenumber>31</gamenumber><gamecode>E2024_31</gamecode><group>Regular Season</group><hometeam>REAL MADRID</hometeam><homecode>MAD</homecode><homescore>90</homescore><awayteam>PANATHINAIKOS AKTOR ATHENS</awayteam><awaycode>PAN</awaycode><awayscore>86</awayscore><played>true</played></game><game><round>RS</round><gameday>16</gameday><date>Dec 18, 2024</date><time>20:15</time><gamenumber>143</gamenumber><gamecode>E2024_143</gamecode><group>Regular Season</group><hometeam>OLYMPIACOS PIRAEUS</hometeam><homecode>OLY</homecode><homescore>87</homescore><awayteam>VIRTUS SEGAFREDO BOLOGNA</awayteam><awaycode>VIR</awaycode><awayscore>77</awayscore><played>true</played></game><game><round>RS</round><gameday>22</gameday><date>Jan 17, 2025</date><time>20:00</time><gamenumber>195</gamenumber><gamecode>E2024_195</gamecode><group>Regular Season</group><hometeam>CRVENA ZVEZDA MERIDIANBET BELGRADE</hometeam><homecode>RED</homecode><homescore>88</homescore><awayteam>AS MONACO</awayteam><awaycode>MCO</awaycode><awayscore>82</awayscore><played>true</played></game><game><round>RS</round><gameday>14</gameday><date>Dec 06, 2024</date><time>20:30</time><gamenumber>125</gamenumber><gamecode>E2024_125</gamecode><group>Regular Season</group><hometeam>VIRTUS SEGAFREDO BOLOGNA</hometeam><homecode>VIR</homecode><homescore>87</homescore><awayteam>CRVENA ZVEZDA MERIDIANBET BELGRADE</awayteam><awaycode>RED</awaycode><awayscore>94</awayscore><played>true</played></game><game><round>RS</round><gameday>5</gameday><date>Oct 24, 2024</date><time>20:45</time><gamenumber>42</gamenumber><gamecode>E2024_42</gamecode><group>Regular Season</group><hometeam>REAL MADRID</hometeam><homecode>MAD</homecode><homescore>95</homescore><awayteam>CRVENA ZVEZDA MERIDIANBET BELGRADE</awayteam><awaycode>RED</awaycode><awayscore>72</awayscore><played>true</played></game><game><round>RS</round><gameday>17</gameday><date>Dec 20, 2024</date><time>20:00</time><gamenumber>150</gamenumber><gamecode>E2024_150</gamecode><group>Regular Season</group><hometeam>VIRTUS SEGAFREDO BOLOGNA</hometeam><homecode>VIR</homecode><homescore>86</homescore><awayteam>FC BARCELONA</awayteam><awaycode>BAR</awaycode><awayscore>81</awayscore><played>true</played></game><game><round>RS</round><gameday>2</gameday><date>Oct 11, 2024</date><time>20:30</time><gamenumber>16</gamenumber><gamecode>E2024_16</gamecode><group>Regular Season</group><hometeam>EA7 EMPORIO ARMANI MILAN</hometeam><homecode>MIL</homecode><homescore>79</homescore><awayteam>PARIS BASKETBALL</awayteam><awaycode>PRS</awaycode><awayscore>74</awayscore><played>true</played></game><game><round>RS</round><gameday>19</gameday><date>Jan 03, 2025</date><time>20:15</time><gamenumber>168</gamenumber><gamecode>E2024_168</gamecode><group>Regular Season</group><hometeam>PANATHINAIKOS AKTOR ATHENS</hometeam><homecode>PAN</homecode><homescore>111</homescore><awayteam>VIRTUS SEGAFREDO BOLOGNA</awayteam><awaycode>VIR</awaycode><awayscore>90</awayscore><played>true</played></game><game><round>RS</round><gameday>4</gameday><date>Oct 18, 2024</date><time>20:30</time><gamenumber>36</gamenumber><gamecode>E2024_36</gamecode><group>Regular Season</group><hometeam>LDLC ASVEL VILLEURBANNE</hometeam><homecode>ASV</homecode><homescore>76</homescore><awayteam>BASKONIA VITORIA-GASTEIZ</awayteam><awaycode>BAS</awaycode><awayscore>69</awayscore><played>true</played></game><game><round>RS</round><gameday>5</gameday><date>Oct 24, 2024</date><time>19:00</time><gamenumber>39</gamenumber><gamecode>E2024_39</gamecode><group>Regular Season</group><hometeam>ZALGIRIS KAUNAS</hometeam><homecode>ZAL</homecode><homescore>78</homescore><awayteam>MACCABI PLAYTIKA TEL AVIV</awayteam><awaycode>TEL</awaycode><awayscore>63</awayscore><played>true</played></game><game><round>RS</round><gameday>11</gameday><date>Nov 21, 2024</date><time>20:00</time><gamenumber>93</gamenumber><gamecode>E2024_93</gamecode><group>Regular Season</group><hometeam>CRVENA ZVEZDA MERIDIANBET BELGRADE</hometeam><homecode>RED</homecode><homescore>77</homescore><awayteam>PARTIZAN MOZZART BET BELGRADE</awayteam><awaycode>PAR</awaycode><awayscore>89</awayscore><played>true</played></game><game><round>RS</round><gameday>22</gameday><date>Jan 16, 2025</date><time>20:00</time><gamenumber>190</gamenumber><gamecode>E2024_190</gamecode><group>Regular Season</group><hometeam>LDLC ASVEL VILLEURBANNE</hometeam><homecode>ASV</homecode><homescore>96</homescore><awayteam>ALBA BERLIN</awayteam><awaycode>BER</awaycode><awayscore>89</awayscore><played>true</played></game><game><round>RS</round><gameday>6</gameday><date>Oct 29, 2024</date><time>18:30</time><gamenumber>46</gamenumber><gamecode>E2024_46</gamecode><group>Regular Season</group><hometeam>ANADOLU EFES ISTANBUL</hometeam><homecode>IST</homecode><homescore>88</homescore><awayteam>FC BARCELONA</awayteam><awaycode>BAR</awaycode><awayscore>97</awayscore><played>true</played></game><game><round>RS</round><gameday>12</gameday><date>Nov 28, 2024</date><time>19:00</time><gamenumber>100</gamenumber><gamecode>E2024_100</gamecode><group>Regular Season</group><hometeam>ZALGIRIS KAUNAS</hometeam><homecode>ZAL</homecode><homescore>70</homescore><awayteam>BASKONIA VITORIA-GASTEIZ</awayteam><awaycode>BAS</awaycode><awayscore>83</awayscore><played>true</played></game><game><round>RS</round><gameday>6</gameday><date>Oct 29, 2024</date><time>19:30</time><gamenumber>49</gamenumber><gamecode>E2024_49</gamecode><group>Regular Season</group><hometeam>ALBA BERLIN</hometeam><homecode>BER</homecode><homescore>83</homescore><awayteam>PARIS BASKETBALL</awayteam><awaycode>PRS</awaycode><awayscore>92</awayscore><played>true</played></game><game><round>RS</round><gameday>16</gameday><date>Dec 17, 2024</date><time>20:05</time><gamenumber>141</gamenumber><gamecode>E2024_141</gamecode><group>Regular Season</group><hometeam>MACCABI PLAYTIKA TEL AVIV</hometeam><homecode>TEL</homecode><homescore>85</homescore><awayteam>BASKONIA VITORIA-GASTEIZ</awayteam><awaycode>BAS</awaycode><awayscore>95</awayscore><played>true</played></game><game><round>RS</round><gameday>21</gameday><date>Jan 14, 2025</date><time>20:30</time><gamenumber>183</gamenumber><gamecode>E2024_183</gamecode><group>Regular Season</group><hometeam>EA7 EMPORIO ARMANI MILAN</hometeam><homecode>MIL</homecode><homescore>100</homescore><awayteam>ALBA BERLIN</awayteam><awaycode>BER</awaycode><awayscore>68</awayscore><played>true</played></game><game><round>RS</round><gameday>8</gameday><date>Nov 07, 2024</date><time>20:45</time><gamenumber>67</gamenumber><gamecode>E2024_67</gamecode><group>Regular Season</group><hometeam>FC BAYERN MUNICH</hometeam><homecode>MUN</homecode><homescore>77</homescore><awayteam>ZALGIRIS KAUNAS</awayteam><awaycode>ZAL</awaycode><awayscore>74</awayscore><played>true</played></game><game><round>RS</round><gameday>5</gameday><date>Oct 24, 2024</date><time>20:30</time><gamenumber>40</gamenumber><gamecode>E2024_40</gamecode><group>Regular Season</group><hometeam>EA7 EMPORIO ARMANI MILAN</hometeam><homecode>MIL</homecode><homescore>84</homescore><awayteam>ANADOLU EFES ISTANBUL</awayteam><awaycode>IST</awaycode><awayscore>96</awayscore><played>true</played></game><game><round>RS</round><gameday>22</gameday><date>Jan 17, 2025</date><time>20:30</time><gamenumber>196</gamenumber><gamecode>E2024_196</gamecode><group>Regular Season</group><hometeam>BASKONIA VITORIA-GASTEIZ</hometeam><homecode>BAS</homecode><homescore>91</homescore><awayteam>PANATHINAIKOS AKTOR ATHENS</awayteam><awaycode>PAN</awaycode><awayscore>77</awayscore><played>true</played></game><game><round>RS</round><gameday>21</gameday><date>Jan 15, 2025</date><time>20:30</time><gamenumber>188</gamenumber><gamecode>E2024_188</gamecode><group>Regular Season</group><hometeam>FC BARCELONA</hometeam><homecode>BAR</homecode><homescore>82</homescore><awayteam>PANATHINAIKOS AKTOR ATHENS</awayteam><awaycode>PAN</awaycode><awayscore>73</awayscore><played>true</played></game><game><round>RS</round><gameday>15</gameday><date>Dec 13, 2024</date><time>20:30</time><gamenumber>133</gamenumber><gamecode>E2024_133</gamecode><group>Regular Season</group><hometeam>CRVENA ZVEZDA MERIDIANBET BELGRADE</hometeam><homecode>RED</homecode><homescore>87</homescore><awayteam>OLYMPIACOS PIRAEUS</awayteam><awaycode>OLY</awaycode><awayscore>73</awayscore><played>true</played></game><game><round>RS</round><gameday>12</gameday><date>Nov 28, 2024</date><time>20:45</time><gamenumber>107</gamenumber><gamecode>E2024_107</gamecode><group>Regular Season</group><hometeam>FC BARCELONA</hometeam><homecode>BAR</homecode><homescore>90</homescore><awayteam>REAL MADRID</awayteam><awaycode>MAD</awaycode><awayscore>97</awayscore><played>true</played></game><game><round>RS</round><gameday>14</gameday><date>Dec 05, 2024</date><time>19:00</time><gamenumber>118</gamenumber><gamecode>E2024_118</gamecode><group>Regular Season</group><hometeam>ZALGIRIS KAUNAS</hometeam><homecode>ZAL</homecode><homescore>85</homescore><awayteam>ANADOLU EFES ISTANBUL</awayteam><awaycode>IST</awaycode><awayscore>72</awayscore><played>true</played></game></results>